N(0,1), x<-2.5, p=	0.0062096653257761
N(0,1), p<0.05, x=	-1.6448536269515
N(2,10), x<1.7, p=	0.48803352658589
N(2,10), p<0.30, x=	-3.2440051270804
t_3, x<-1, p=	0.19550110947789
t_3, p<0.2, x=	-0.97847231236331
X^2(3), x>2.2, p=	0.53194837121049
X^2(3), p<0.95, x=	7.8147279032512
Seconds since epoc =	1594237286
nanoSec=	217089302
Some random numbers:
 Integer	2006754787
 Integer	1237284904
 Integer	768764046
 Integer	3702312763
 Integer	1742556254
 Uniform	0.82132338755764
 Uniform	0.048091298434883
 Uniform	0.89486798038706
 Uniform	0.30343838711269
 Uniform	0.92416593036614
 N(0,1)	-0.2460394516482
 N(0,1)	-0.72773264089988
 N(0,100)	-24.804335397682
 N(0,100)	-70.943963983186
 X^2(3)	1.926272296447
 X^2(3)	0.84703377508973
 t_3	-2.5021813620126
 t_3	-2.490362991749
